internal/3rdparty/rocksdb/db/wal_manager.cc
internal/3rdparty/rocksdb/db/write_batch.cc
internal/3rdparty/rocksdb/db/write_batch_base.cc
internal/3rdparty/rocksdb/db/write_controller.cc
internal/3rdparty/rocksdb/db/write_thread.cc
internal/3rdparty/rocksdb/db/builder.cc
internal/3rdparty/rocksdb/db/c.cc
internal/3rdparty/rocksdb/db/column_family.cc
internal/3rdparty/rocksdb/db/compaction.cc
internal/3rdparty/rocksdb/db/compaction_job.cc
internal/3rdparty/rocksdb/db/compaction_picker.cc
internal/3rdparty/rocksdb/db/db_filesnapshot.cc
internal/3rdparty/rocksdb/db/db_impl.cc
internal/3rdparty/rocksdb/db/db_impl_debug.cc
internal/3rdparty/rocksdb/db/db_impl_experimental.cc
internal/3rdparty/rocksdb/db/db_impl_readonly.cc
internal/3rdparty/rocksdb/db/db_iter.cc
internal/3rdparty/rocksdb/db/dbformat.cc
internal/3rdparty/rocksdb/db/event_logger_helpers.cc
internal/3rdparty/rocksdb/db/experimental.cc
internal/3rdparty/rocksdb/db/file_indexer.cc
internal/3rdparty/rocksdb/db/filename.cc
internal/3rdparty/rocksdb/db/flush_job.cc
internal/3rdparty/rocksdb/db/flush_scheduler.cc
internal/3rdparty/rocksdb/db/forward_iterator.cc
internal/3rdparty/rocksdb/db/internal_stats.cc
internal/3rdparty/rocksdb/db/log_reader.cc
internal/3rdparty/rocksdb/db/log_writer.cc
internal/3rdparty/rocksdb/db/managed_iterator.cc
internal/3rdparty/rocksdb/db/memtable.cc
internal/3rdparty/rocksdb/db/memtable_allocator.cc
internal/3rdparty/rocksdb/db/memtable_list.cc
internal/3rdparty/rocksdb/db/merge_helper.cc
internal/3rdparty/rocksdb/db/merge_operator.cc
internal/3rdparty/rocksdb/db/repair.cc
internal/3rdparty/rocksdb/db/slice.cc
internal/3rdparty/rocksdb/db/table_cache.cc
internal/3rdparty/rocksdb/db/table_properties_collector.cc
internal/3rdparty/rocksdb/db/transaction_log_impl.cc
internal/3rdparty/rocksdb/db/version_builder.cc
internal/3rdparty/rocksdb/db/version_edit.cc
internal/3rdparty/rocksdb/db/version_set.cc
internal/3rdparty/rocksdb/port/port_posix.cc
internal/3rdparty/rocksdb/port/stack_trace.cc
internal/3rdparty/rocksdb/table/adaptive_table_factory.cc
internal/3rdparty/rocksdb/table/block.cc
internal/3rdparty/rocksdb/table/block_based_filter_block.cc
internal/3rdparty/rocksdb/table/block_based_table_builder.cc
internal/3rdparty/rocksdb/table/block_based_table_factory.cc
internal/3rdparty/rocksdb/table/block_based_table_reader.cc
internal/3rdparty/rocksdb/table/block_builder.cc
internal/3rdparty/rocksdb/table/block_hash_index.cc
internal/3rdparty/rocksdb/table/block_prefix_index.cc
internal/3rdparty/rocksdb/table/bloom_block.cc
internal/3rdparty/rocksdb/table/cuckoo_table_builder.cc
internal/3rdparty/rocksdb/table/cuckoo_table_factory.cc
internal/3rdparty/rocksdb/table/cuckoo_table_reader.cc
internal/3rdparty/rocksdb/table/flush_block_policy.cc
internal/3rdparty/rocksdb/table/format.cc
internal/3rdparty/rocksdb/table/full_filter_block.cc
internal/3rdparty/rocksdb/table/get_context.cc
internal/3rdparty/rocksdb/table/iterator.cc
internal/3rdparty/rocksdb/table/merger.cc
internal/3rdparty/rocksdb/table/meta_blocks.cc
internal/3rdparty/rocksdb/table/plain_table_builder.cc
internal/3rdparty/rocksdb/table/plain_table_factory.cc
internal/3rdparty/rocksdb/table/plain_table_index.cc
internal/3rdparty/rocksdb/table/plain_table_key_coding.cc
internal/3rdparty/rocksdb/table/plain_table_reader.cc
internal/3rdparty/rocksdb/table/table_properties.cc
internal/3rdparty/rocksdb/table/two_level_iterator.cc
internal/3rdparty/rocksdb/util/statistics.cc
internal/3rdparty/rocksdb/util/status.cc
internal/3rdparty/rocksdb/util/string_util.cc
internal/3rdparty/rocksdb/util/sync_point.cc
internal/3rdparty/rocksdb/util/thread_local.cc
internal/3rdparty/rocksdb/util/thread_status_impl.cc
internal/3rdparty/rocksdb/util/thread_status_updater.cc
internal/3rdparty/rocksdb/util/thread_status_updater_debug.cc
internal/3rdparty/rocksdb/util/thread_status_util.cc
internal/3rdparty/rocksdb/util/thread_status_util_debug.cc
internal/3rdparty/rocksdb/util/vectorrep.cc
internal/3rdparty/rocksdb/util/xfunc.cc
internal/3rdparty/rocksdb/util/xxhash.cc
internal/3rdparty/rocksdb/util/arena.cc
internal/3rdparty/rocksdb/util/auto_roll_logger.cc
internal/3rdparty/rocksdb/util/bloom.cc
internal/3rdparty/rocksdb/util/build_version.cc
internal/3rdparty/rocksdb/util/cache.cc
internal/3rdparty/rocksdb/util/coding.cc
internal/3rdparty/rocksdb/util/comparator.cc
internal/3rdparty/rocksdb/util/crc32c.cc
internal/3rdparty/rocksdb/util/db_info_dumper.cc
internal/3rdparty/rocksdb/util/dynamic_bloom.cc
internal/3rdparty/rocksdb/util/env.cc
internal/3rdparty/rocksdb/util/env_hdfs.cc
internal/3rdparty/rocksdb/util/env_posix.cc
internal/3rdparty/rocksdb/util/event_logger.cc
internal/3rdparty/rocksdb/util/file_util.cc
internal/3rdparty/rocksdb/util/filter_policy.cc
internal/3rdparty/rocksdb/util/hash.cc
internal/3rdparty/rocksdb/util/hash_cuckoo_rep.cc
internal/3rdparty/rocksdb/util/hash_linklist_rep.cc
internal/3rdparty/rocksdb/util/hash_skiplist_rep.cc
internal/3rdparty/rocksdb/util/histogram.cc
internal/3rdparty/rocksdb/util/instrumented_mutex.cc
internal/3rdparty/rocksdb/util/iostats_context.cc
internal/3rdparty/rocksdb/util/log_buffer.cc
internal/3rdparty/rocksdb/util/logging.cc
internal/3rdparty/rocksdb/util/memenv.cc
internal/3rdparty/rocksdb/util/mock_env.cc
internal/3rdparty/rocksdb/util/murmurhash.cc
internal/3rdparty/rocksdb/util/mutable_cf_options.cc
internal/3rdparty/rocksdb/util/options.cc
internal/3rdparty/rocksdb/util/options_builder.cc
internal/3rdparty/rocksdb/util/options_helper.cc
internal/3rdparty/rocksdb/util/perf_context.cc
internal/3rdparty/rocksdb/util/rate_limiter.cc
internal/3rdparty/rocksdb/util/skiplistrep.cc
internal/3rdparty/rocksdb/util/slice.cc
internal/3rdparty/rocksdb/util/sst_dump_tool.cc
internal/3rdparty/rocksdb/utilities/backupable/backupable_db.cc
internal/3rdparty/rocksdb/utilities/checkpoint/checkpoint.cc
internal/3rdparty/rocksdb/utilities/compacted_db/compacted_db_impl.cc
internal/3rdparty/rocksdb/utilities/convenience/convenience.cc
internal/3rdparty/rocksdb/utilities/document/document_db.cc
internal/3rdparty/rocksdb/utilities/document/json_document.cc
internal/3rdparty/rocksdb/utilities/document/json_document_builder.cc
internal/3rdparty/rocksdb/utilities/flashcache/flashcache.cc
internal/3rdparty/rocksdb/utilities/geodb/geodb_impl.cc
internal/3rdparty/rocksdb/utilities/leveldb_options/leveldb_options.cc
internal/3rdparty/rocksdb/utilities/merge_operators/put.cc
internal/3rdparty/rocksdb/utilities/merge_operators/string_append/stringappend.cc
internal/3rdparty/rocksdb/utilities/merge_operators/string_append/stringappend2.cc
internal/3rdparty/rocksdb/utilities/merge_operators/uint64add.cc
internal/3rdparty/rocksdb/utilities/spatialdb/spatial_db.cc
internal/3rdparty/rocksdb/utilities/ttl/db_ttl_impl.cc
internal/3rdparty/rocksdb/utilities/write_batch_with_index/write_batch_with_index.cc
internal/3rdparty/rocksdb/utilities/write_batch_with_index/write_batch_with_index_internal.cc
internal/src/nemo.cc
internal/src/nemo_admin.cc
internal/src/nemo_backupable.cc
internal/src/nemo_bit.cc
internal/src/nemo_c.cc
internal/src/nemo_hash.cc
internal/src/nemo_iterator.cc
internal/src/nemo_volume_iterator.cc
internal/src/nemo_kv.cc
internal/src/nemo_list.cc
internal/src/nemo_meta.cc
internal/src/nemo_set.cc
internal/src/nemo_zset.cc
internal/src/port.cc
internal/src/util.cc
